/usr/bin/cmake -S/app -B/app/build-native --check-build-system CMakeFiles/Makefile.cmake 0
/usr/bin/cmake -E cmake_progress_start /app/build-native/CMakeFiles /app/build-native//CMakeFiles/progress.marks
/usr/bin/gmake  -f CMakeFiles/Makefile2 all
gmake[1]: Entering directory '/app/build-native'
/usr/bin/gmake  -f _deps/ouster_sdk-build/ouster_core/nmea/CMakeFiles/nmea.dir/build.make _deps/ouster_sdk-build/ouster_core/nmea/CMakeFiles/nmea.dir/depend
gmake[2]: Entering directory '/app/build-native'
cd /app/build-native && /usr/bin/cmake -E cmake_depends "Unix Makefiles" /app /app/build-native/_deps/ouster_sdk-src/thirdparty/nmea /app/build-native /app/build-native/_deps/ouster_sdk-build/ouster_core/nmea /app/build-native/_deps/ouster_sdk-build/ouster_core/nmea/CMakeFiles/nmea.dir/DependInfo.cmake --color=
gmake[2]: Leaving directory '/app/build-native'
/usr/bin/gmake  -f _deps/ouster_sdk-build/ouster_core/nmea/CMakeFiles/nmea.dir/build.make _deps/ouster_sdk-build/ouster_core/nmea/CMakeFiles/nmea.dir/build
gmake[2]: Entering directory '/app/build-native'
gmake[2]: Nothing to be done for '_deps/ouster_sdk-build/ouster_core/nmea/CMakeFiles/nmea.dir/build'.
gmake[2]: Leaving directory '/app/build-native'
[  3%] Built target nmea
/usr/bin/gmake  -f _deps/ouster_sdk-build/CMakeFiles/ouster_build.dir/build.make _deps/ouster_sdk-build/CMakeFiles/ouster_build.dir/depend
gmake[2]: Entering directory '/app/build-native'
[  4%] Generating build info header
/usr/bin/cmake -DVERSION_GEN_OUT_DIR="/app/build-native/_deps/ouster_sdk-build/generated/ouster/impl" -DVERSION_GEN_SOURCE_DIR="/app/build-native/_deps/ouster_sdk-src/cmake" -DBUILD_TYPE="Release" -DBUILD_SYSTEM="Linux" -DOusterSDK_VERSION_STRING="1.0.0" -P /app/build-native/_deps/ouster_sdk-src/cmake/VersionGen.cmake
cd /app/build-native && /usr/bin/cmake -E cmake_depends "Unix Makefiles" /app /app/build-native/_deps/ouster_sdk-src /app/build-native /app/build-native/_deps/ouster_sdk-build /app/build-native/_deps/ouster_sdk-build/CMakeFiles/ouster_build.dir/DependInfo.cmake --color=
Dependencies file "_deps/ouster_sdk-build/CMakeFiles/ouster_build.dir/generated/ouster/impl/build.cpp.o.d" is newer than depends file "/app/build-native/_deps/ouster_sdk-build/CMakeFiles/ouster_build.dir/compiler_depend.internal".
Consolidate compiler generated dependencies of target ouster_build
gmake[2]: Leaving directory '/app/build-native'
/usr/bin/gmake  -f _deps/ouster_sdk-build/CMakeFiles/ouster_build.dir/build.make _deps/ouster_sdk-build/CMakeFiles/ouster_build.dir/build
gmake[2]: Entering directory '/app/build-native'
[  4%] Generating build info header
/usr/bin/cmake -DVERSION_GEN_OUT_DIR="/app/build-native/_deps/ouster_sdk-build/generated/ouster/impl" -DVERSION_GEN_SOURCE_DIR="/app/build-native/_deps/ouster_sdk-src/cmake" -DBUILD_TYPE="Release" -DBUILD_SYSTEM="Linux" -DOusterSDK_VERSION_STRING="1.0.0" -P /app/build-native/_deps/ouster_sdk-src/cmake/VersionGen.cmake
[  4%] Building CXX object _deps/ouster_sdk-build/CMakeFiles/ouster_build.dir/generated/ouster/impl/build.cpp.o
cd /app/build-native/_deps/ouster_sdk-build && /usr/bin/c++  -I/app/build-native/_deps/ouster_sdk-src/cmake/../ouster_core/include -O3 -DNDEBUG -fPIC -std=gnu++17 -MD -MT _deps/ouster_sdk-build/CMakeFiles/ouster_build.dir/generated/ouster/impl/build.cpp.o -MF CMakeFiles/ouster_build.dir/generated/ouster/impl/build.cpp.o.d -o CMakeFiles/ouster_build.dir/generated/ouster/impl/build.cpp.o -c /app/build-native/_deps/ouster_sdk-build/generated/ouster/impl/build.cpp
[  4%] Linking CXX static library libouster_build.a
cd /app/build-native/_deps/ouster_sdk-build && /usr/bin/cmake -P CMakeFiles/ouster_build.dir/cmake_clean_target.cmake
cd /app/build-native/_deps/ouster_sdk-build && /usr/bin/cmake -E cmake_link_script CMakeFiles/ouster_build.dir/link.txt --verbose=1
/usr/bin/ar qc libouster_build.a CMakeFiles/ouster_build.dir/generated/ouster/impl/build.cpp.o
/usr/bin/ranlib libouster_build.a
gmake[2]: Leaving directory '/app/build-native'
[  4%] Built target ouster_build
/usr/bin/gmake  -f _deps/ouster_sdk-build/ouster_core/CMakeFiles/ouster_core.dir/build.make _deps/ouster_sdk-build/ouster_core/CMakeFiles/ouster_core.dir/depend
gmake[2]: Entering directory '/app/build-native'
cd /app/build-native && /usr/bin/cmake -E cmake_depends "Unix Makefiles" /app /app/build-native/_deps/ouster_sdk-src/ouster_core /app/build-native /app/build-native/_deps/ouster_sdk-build/ouster_core /app/build-native/_deps/ouster_sdk-build/ouster_core/CMakeFiles/ouster_core.dir/DependInfo.cmake --color=
gmake[2]: Leaving directory '/app/build-native'
/usr/bin/gmake  -f _deps/ouster_sdk-build/ouster_core/CMakeFiles/ouster_core.dir/build.make _deps/ouster_sdk-build/ouster_core/CMakeFiles/ouster_core.dir/build
gmake[2]: Entering directory '/app/build-native'
gmake[2]: Nothing to be done for '_deps/ouster_sdk-build/ouster_core/CMakeFiles/ouster_core.dir/build'.
gmake[2]: Leaving directory '/app/build-native'
[ 19%] Built target ouster_core
/usr/bin/gmake  -f _deps/ouster_sdk-build/ouster_perception/CMakeFiles/ouster_perception_stub.dir/build.make _deps/ouster_sdk-build/ouster_perception/CMakeFiles/ouster_perception_stub.dir/depend
gmake[2]: Entering directory '/app/build-native'
cd /app/build-native && /usr/bin/cmake -E cmake_depends "Unix Makefiles" /app /app/build-native/_deps/ouster_sdk-src/ouster_perception /app/build-native /app/build-native/_deps/ouster_sdk-build/ouster_perception /app/build-native/_deps/ouster_sdk-build/ouster_perception/CMakeFiles/ouster_perception_stub.dir/DependInfo.cmake --color=
gmake[2]: Leaving directory '/app/build-native'
/usr/bin/gmake  -f _deps/ouster_sdk-build/ouster_perception/CMakeFiles/ouster_perception_stub.dir/build.make _deps/ouster_sdk-build/ouster_perception/CMakeFiles/ouster_perception_stub.dir/build
gmake[2]: Entering directory '/app/build-native'
gmake[2]: Nothing to be done for '_deps/ouster_sdk-build/ouster_perception/CMakeFiles/ouster_perception_stub.dir/build'.
gmake[2]: Leaving directory '/app/build-native'
[ 19%] Built target ouster_perception_stub
/usr/bin/gmake  -f _deps/drivebrain_simulink_models-build/CMakeFiles/htx_estimator.dir/build.make _deps/drivebrain_simulink_models-build/CMakeFiles/htx_estimator.dir/depend
gmake[2]: Entering directory '/app/build-native'
cd /app/build-native && /usr/bin/cmake -E cmake_depends "Unix Makefiles" /app /app/build-native/_deps/drivebrain_simulink_models-src /app/build-native /app/build-native/_deps/drivebrain_simulink_models-build /app/build-native/_deps/drivebrain_simulink_models-build/CMakeFiles/htx_estimator.dir/DependInfo.cmake --color=
gmake[2]: Leaving directory '/app/build-native'
/usr/bin/gmake  -f _deps/drivebrain_simulink_models-build/CMakeFiles/htx_estimator.dir/build.make _deps/drivebrain_simulink_models-build/CMakeFiles/htx_estimator.dir/build
gmake[2]: Entering directory '/app/build-native'
gmake[2]: Nothing to be done for '_deps/drivebrain_simulink_models-build/CMakeFiles/htx_estimator.dir/build'.
gmake[2]: Leaving directory '/app/build-native'
[ 39%] Built target htx_estimator
/usr/bin/gmake  -f _deps/ht_proto-build/CMakeFiles/hytech_msgs_cpp_lib_object.dir/build.make _deps/ht_proto-build/CMakeFiles/hytech_msgs_cpp_lib_object.dir/depend
gmake[2]: Entering directory '/app/build-native'
cd /app/build-native && /usr/bin/cmake -E cmake_depends "Unix Makefiles" /app /app/build-native/_deps/ht_proto-src /app/build-native /app/build-native/_deps/ht_proto-build /app/build-native/_deps/ht_proto-build/CMakeFiles/hytech_msgs_cpp_lib_object.dir/DependInfo.cmake --color=
gmake[2]: Leaving directory '/app/build-native'
/usr/bin/gmake  -f _deps/ht_proto-build/CMakeFiles/hytech_msgs_cpp_lib_object.dir/build.make _deps/ht_proto-build/CMakeFiles/hytech_msgs_cpp_lib_object.dir/build
gmake[2]: Entering directory '/app/build-native'
gmake[2]: Nothing to be done for '_deps/ht_proto-build/CMakeFiles/hytech_msgs_cpp_lib_object.dir/build'.
gmake[2]: Leaving directory '/app/build-native'
[ 41%] Built target hytech_msgs_cpp_lib_object
/usr/bin/gmake  -f _deps/ht_proto-build/CMakeFiles/hytech_msgs_cpp_lib.dir/build.make _deps/ht_proto-build/CMakeFiles/hytech_msgs_cpp_lib.dir/depend
gmake[2]: Entering directory '/app/build-native'
cd /app/build-native && /usr/bin/cmake -E cmake_depends "Unix Makefiles" /app /app/build-native/_deps/ht_proto-src /app/build-native /app/build-native/_deps/ht_proto-build /app/build-native/_deps/ht_proto-build/CMakeFiles/hytech_msgs_cpp_lib.dir/DependInfo.cmake --color=
gmake[2]: Leaving directory '/app/build-native'
/usr/bin/gmake  -f _deps/ht_proto-build/CMakeFiles/hytech_msgs_cpp_lib.dir/build.make _deps/ht_proto-build/CMakeFiles/hytech_msgs_cpp_lib.dir/build
gmake[2]: Entering directory '/app/build-native'
gmake[2]: Nothing to be done for '_deps/ht_proto-build/CMakeFiles/hytech_msgs_cpp_lib.dir/build'.
gmake[2]: Leaving directory '/app/build-native'
[ 41%] Built target hytech_msgs_cpp_lib
/usr/bin/gmake  -f _deps/ht_can-build/CMakeFiles/hytech_can_msgs_cpp_lib_object.dir/build.make _deps/ht_can-build/CMakeFiles/hytech_can_msgs_cpp_lib_object.dir/depend
gmake[2]: Entering directory '/app/build-native'
cd /app/build-native && /usr/bin/cmake -E cmake_depends "Unix Makefiles" /app /app/build-native/_deps/ht_can-src /app/build-native /app/build-native/_deps/ht_can-build /app/build-native/_deps/ht_can-build/CMakeFiles/hytech_can_msgs_cpp_lib_object.dir/DependInfo.cmake --color=
gmake[2]: Leaving directory '/app/build-native'
/usr/bin/gmake  -f _deps/ht_can-build/CMakeFiles/hytech_can_msgs_cpp_lib_object.dir/build.make _deps/ht_can-build/CMakeFiles/hytech_can_msgs_cpp_lib_object.dir/build
gmake[2]: Entering directory '/app/build-native'
gmake[2]: Nothing to be done for '_deps/ht_can-build/CMakeFiles/hytech_can_msgs_cpp_lib_object.dir/build'.
gmake[2]: Leaving directory '/app/build-native'
[ 41%] Built target hytech_can_msgs_cpp_lib_object
/usr/bin/gmake  -f _deps/ht_can-build/CMakeFiles/hytech_can_msgs_cpp_lib.dir/build.make _deps/ht_can-build/CMakeFiles/hytech_can_msgs_cpp_lib.dir/depend
gmake[2]: Entering directory '/app/build-native'
cd /app/build-native && /usr/bin/cmake -E cmake_depends "Unix Makefiles" /app /app/build-native/_deps/ht_can-src /app/build-native /app/build-native/_deps/ht_can-build /app/build-native/_deps/ht_can-build/CMakeFiles/hytech_can_msgs_cpp_lib.dir/DependInfo.cmake --color=
gmake[2]: Leaving directory '/app/build-native'
/usr/bin/gmake  -f _deps/ht_can-build/CMakeFiles/hytech_can_msgs_cpp_lib.dir/build.make _deps/ht_can-build/CMakeFiles/hytech_can_msgs_cpp_lib.dir/build
gmake[2]: Entering directory '/app/build-native'
gmake[2]: Nothing to be done for '_deps/ht_can-build/CMakeFiles/hytech_can_msgs_cpp_lib.dir/build'.
gmake[2]: Leaving directory '/app/build-native'
[ 42%] Built target hytech_can_msgs_cpp_lib
/usr/bin/gmake  -f _deps/simulink_automation_msgs_cpp-build/CMakeFiles/simulink_automation_msgs_proto_cpp_object.dir/build.make _deps/simulink_automation_msgs_cpp-build/CMakeFiles/simulink_automation_msgs_proto_cpp_object.dir/depend
gmake[2]: Entering directory '/app/build-native'
cd /app/build-native && /usr/bin/cmake -E cmake_depends "Unix Makefiles" /app /app/build-native/_deps/simulink_automation_msgs_cpp-src /app/build-native /app/build-native/_deps/simulink_automation_msgs_cpp-build /app/build-native/_deps/simulink_automation_msgs_cpp-build/CMakeFiles/simulink_automation_msgs_proto_cpp_object.dir/DependInfo.cmake --color=
gmake[2]: Leaving directory '/app/build-native'
/usr/bin/gmake  -f _deps/simulink_automation_msgs_cpp-build/CMakeFiles/simulink_automation_msgs_proto_cpp_object.dir/build.make _deps/simulink_automation_msgs_cpp-build/CMakeFiles/simulink_automation_msgs_proto_cpp_object.dir/build
gmake[2]: Entering directory '/app/build-native'
gmake[2]: Nothing to be done for '_deps/simulink_automation_msgs_cpp-build/CMakeFiles/simulink_automation_msgs_proto_cpp_object.dir/build'.
gmake[2]: Leaving directory '/app/build-native'
[ 43%] Built target simulink_automation_msgs_proto_cpp_object
/usr/bin/gmake  -f _deps/simulink_automation_msgs_cpp-build/CMakeFiles/simulink_automation_msgs_proto_cpp.dir/build.make _deps/simulink_automation_msgs_cpp-build/CMakeFiles/simulink_automation_msgs_proto_cpp.dir/depend
gmake[2]: Entering directory '/app/build-native'
cd /app/build-native && /usr/bin/cmake -E cmake_depends "Unix Makefiles" /app /app/build-native/_deps/simulink_automation_msgs_cpp-src /app/build-native /app/build-native/_deps/simulink_automation_msgs_cpp-build /app/build-native/_deps/simulink_automation_msgs_cpp-build/CMakeFiles/simulink_automation_msgs_proto_cpp.dir/DependInfo.cmake --color=
gmake[2]: Leaving directory '/app/build-native'
/usr/bin/gmake  -f _deps/simulink_automation_msgs_cpp-build/CMakeFiles/simulink_automation_msgs_proto_cpp.dir/build.make _deps/simulink_automation_msgs_cpp-build/CMakeFiles/simulink_automation_msgs_proto_cpp.dir/build
gmake[2]: Entering directory '/app/build-native'
gmake[2]: Nothing to be done for '_deps/simulink_automation_msgs_cpp-build/CMakeFiles/simulink_automation_msgs_proto_cpp.dir/build'.
gmake[2]: Leaving directory '/app/build-native'
[ 43%] Built target simulink_automation_msgs_proto_cpp
/usr/bin/gmake  -f _deps/drivebrain_simulink_models-build/CMakeFiles/htx_qp_torq_allocator.dir/build.make _deps/drivebrain_simulink_models-build/CMakeFiles/htx_qp_torq_allocator.dir/depend
gmake[2]: Entering directory '/app/build-native'
cd /app/build-native && /usr/bin/cmake -E cmake_depends "Unix Makefiles" /app /app/build-native/_deps/drivebrain_simulink_models-src /app/build-native /app/build-native/_deps/drivebrain_simulink_models-build /app/build-native/_deps/drivebrain_simulink_models-build/CMakeFiles/htx_qp_torq_allocator.dir/DependInfo.cmake --color=
gmake[2]: Leaving directory '/app/build-native'
/usr/bin/gmake  -f _deps/drivebrain_simulink_models-build/CMakeFiles/htx_qp_torq_allocator.dir/build.make _deps/drivebrain_simulink_models-build/CMakeFiles/htx_qp_torq_allocator.dir/build
gmake[2]: Entering directory '/app/build-native'
gmake[2]: Nothing to be done for '_deps/drivebrain_simulink_models-build/CMakeFiles/htx_qp_torq_allocator.dir/build'.
gmake[2]: Leaving directory '/app/build-native'
[ 61%] Built target htx_qp_torq_allocator
/usr/bin/gmake  -f _deps/drivebrain_simulink_models-build/CMakeFiles/matlab_model.dir/build.make _deps/drivebrain_simulink_models-build/CMakeFiles/matlab_model.dir/depend
gmake[2]: Entering directory '/app/build-native'
cd /app/build-native && /usr/bin/cmake -E cmake_depends "Unix Makefiles" /app /app/build-native/_deps/drivebrain_simulink_models-src /app/build-native /app/build-native/_deps/drivebrain_simulink_models-build /app/build-native/_deps/drivebrain_simulink_models-build/CMakeFiles/matlab_model.dir/DependInfo.cmake --color=
gmake[2]: Leaving directory '/app/build-native'
/usr/bin/gmake  -f _deps/drivebrain_simulink_models-build/CMakeFiles/matlab_model.dir/build.make _deps/drivebrain_simulink_models-build/CMakeFiles/matlab_model.dir/build
gmake[2]: Entering directory '/app/build-native'
gmake[2]: Nothing to be done for '_deps/drivebrain_simulink_models-build/CMakeFiles/matlab_model.dir/build'.
gmake[2]: Leaving directory '/app/build-native'
[ 62%] Built target matlab_model
/usr/bin/gmake  -f drivebrain_core/CMakeFiles/drivebrain_core.dir/build.make drivebrain_core/CMakeFiles/drivebrain_core.dir/depend
gmake[2]: Entering directory '/app/build-native'
cd /app/build-native && /usr/bin/cmake -E cmake_depends "Unix Makefiles" /app /app/drivebrain_core /app/build-native /app/build-native/drivebrain_core /app/build-native/drivebrain_core/CMakeFiles/drivebrain_core.dir/DependInfo.cmake --color=
gmake[2]: Leaving directory '/app/build-native'
/usr/bin/gmake  -f drivebrain_core/CMakeFiles/drivebrain_core.dir/build.make drivebrain_core/CMakeFiles/drivebrain_core.dir/build
gmake[2]: Entering directory '/app/build-native'
gmake[2]: Nothing to be done for 'drivebrain_core/CMakeFiles/drivebrain_core.dir/build'.
gmake[2]: Leaving directory '/app/build-native'
[ 63%] Built target drivebrain_core
/usr/bin/gmake  -f _deps/vn_driver_lib-build/CMakeFiles/libvncxx.dir/build.make _deps/vn_driver_lib-build/CMakeFiles/libvncxx.dir/depend
gmake[2]: Entering directory '/app/build-native'
cd /app/build-native && /usr/bin/cmake -E cmake_depends "Unix Makefiles" /app /app/build-native/_deps/vn_driver_lib-src /app/build-native /app/build-native/_deps/vn_driver_lib-build /app/build-native/_deps/vn_driver_lib-build/CMakeFiles/libvncxx.dir/DependInfo.cmake --color=
gmake[2]: Leaving directory '/app/build-native'
/usr/bin/gmake  -f _deps/vn_driver_lib-build/CMakeFiles/libvncxx.dir/build.make _deps/vn_driver_lib-build/CMakeFiles/libvncxx.dir/build
gmake[2]: Entering directory '/app/build-native'
gmake[2]: Nothing to be done for '_deps/vn_driver_lib-build/CMakeFiles/libvncxx.dir/build'.
gmake[2]: Leaving directory '/app/build-native'
[ 69%] Built target libvncxx
/usr/bin/gmake  -f drivebrain_comms/CMakeFiles/drivebrain_comms.dir/build.make drivebrain_comms/CMakeFiles/drivebrain_comms.dir/depend
gmake[2]: Entering directory '/app/build-native'
cd /app/build-native && /usr/bin/cmake -E cmake_depends "Unix Makefiles" /app /app/drivebrain_comms /app/build-native /app/build-native/drivebrain_comms /app/build-native/drivebrain_comms/CMakeFiles/drivebrain_comms.dir/DependInfo.cmake --color=
gmake[2]: Leaving directory '/app/build-native'
/usr/bin/gmake  -f drivebrain_comms/CMakeFiles/drivebrain_comms.dir/build.make drivebrain_comms/CMakeFiles/drivebrain_comms.dir/build
gmake[2]: Entering directory '/app/build-native'
gmake[2]: Nothing to be done for 'drivebrain_comms/CMakeFiles/drivebrain_comms.dir/build'.
gmake[2]: Leaving directory '/app/build-native'
[ 71%] Built target drivebrain_comms
/usr/bin/gmake  -f drivebrain_control/CMakeFiles/drivebrain_control.dir/build.make drivebrain_control/CMakeFiles/drivebrain_control.dir/depend
gmake[2]: Entering directory '/app/build-native'
cd /app/build-native && /usr/bin/cmake -E cmake_depends "Unix Makefiles" /app /app/drivebrain_control /app/build-native /app/build-native/drivebrain_control /app/build-native/drivebrain_control/CMakeFiles/drivebrain_control.dir/DependInfo.cmake --color=
gmake[2]: Leaving directory '/app/build-native'
/usr/bin/gmake  -f drivebrain_control/CMakeFiles/drivebrain_control.dir/build.make drivebrain_control/CMakeFiles/drivebrain_control.dir/build
gmake[2]: Entering directory '/app/build-native'
gmake[2]: Nothing to be done for 'drivebrain_control/CMakeFiles/drivebrain_control.dir/build'.
gmake[2]: Leaving directory '/app/build-native'
[ 72%] Built target drivebrain_control
/usr/bin/gmake  -f _deps/ouster_sdk-build/ouster_algorithm/CMakeFiles/ouster_algorithm.dir/build.make _deps/ouster_sdk-build/ouster_algorithm/CMakeFiles/ouster_algorithm.dir/depend
gmake[2]: Entering directory '/app/build-native'
cd /app/build-native && /usr/bin/cmake -E cmake_depends "Unix Makefiles" /app /app/build-native/_deps/ouster_sdk-src/ouster_algorithm /app/build-native /app/build-native/_deps/ouster_sdk-build/ouster_algorithm /app/build-native/_deps/ouster_sdk-build/ouster_algorithm/CMakeFiles/ouster_algorithm.dir/DependInfo.cmake --color=
gmake[2]: Leaving directory '/app/build-native'
/usr/bin/gmake  -f _deps/ouster_sdk-build/ouster_algorithm/CMakeFiles/ouster_algorithm.dir/build.make _deps/ouster_sdk-build/ouster_algorithm/CMakeFiles/ouster_algorithm.dir/build
gmake[2]: Entering directory '/app/build-native'
gmake[2]: Nothing to be done for '_deps/ouster_sdk-build/ouster_algorithm/CMakeFiles/ouster_algorithm.dir/build'.
gmake[2]: Leaving directory '/app/build-native'
[ 73%] Built target ouster_algorithm
/usr/bin/gmake  -f _deps/ouster_sdk-build/ouster_sensor/CMakeFiles/ouster_sensor.dir/build.make _deps/ouster_sdk-build/ouster_sensor/CMakeFiles/ouster_sensor.dir/depend
gmake[2]: Entering directory '/app/build-native'
cd /app/build-native && /usr/bin/cmake -E cmake_depends "Unix Makefiles" /app /app/build-native/_deps/ouster_sdk-src/ouster_sensor /app/build-native /app/build-native/_deps/ouster_sdk-build/ouster_sensor /app/build-native/_deps/ouster_sdk-build/ouster_sensor/CMakeFiles/ouster_sensor.dir/DependInfo.cmake --color=
gmake[2]: Leaving directory '/app/build-native'
/usr/bin/gmake  -f _deps/ouster_sdk-build/ouster_sensor/CMakeFiles/ouster_sensor.dir/build.make _deps/ouster_sdk-build/ouster_sensor/CMakeFiles/ouster_sensor.dir/build
gmake[2]: Entering directory '/app/build-native'
gmake[2]: Nothing to be done for '_deps/ouster_sdk-build/ouster_sensor/CMakeFiles/ouster_sensor.dir/build'.
gmake[2]: Leaving directory '/app/build-native'
[ 76%] Built target ouster_sensor
/usr/bin/gmake  -f _deps/ouster_sdk-build/thirdparty/zpng/CMakeFiles/zpng.dir/build.make _deps/ouster_sdk-build/thirdparty/zpng/CMakeFiles/zpng.dir/depend
gmake[2]: Entering directory '/app/build-native'
cd /app/build-native && /usr/bin/cmake -E cmake_depends "Unix Makefiles" /app /app/build-native/_deps/ouster_sdk-src/thirdparty/zpng /app/build-native /app/build-native/_deps/ouster_sdk-build/thirdparty/zpng /app/build-native/_deps/ouster_sdk-build/thirdparty/zpng/CMakeFiles/zpng.dir/DependInfo.cmake --color=
gmake[2]: Leaving directory '/app/build-native'
/usr/bin/gmake  -f _deps/ouster_sdk-build/thirdparty/zpng/CMakeFiles/zpng.dir/build.make _deps/ouster_sdk-build/thirdparty/zpng/CMakeFiles/zpng.dir/build
gmake[2]: Entering directory '/app/build-native'
gmake[2]: Nothing to be done for '_deps/ouster_sdk-build/thirdparty/zpng/CMakeFiles/zpng.dir/build'.
gmake[2]: Leaving directory '/app/build-native'
[ 77%] Built target zpng
/usr/bin/gmake  -f _deps/ouster_sdk-build/ouster_osf/CMakeFiles/cpp_gen.dir/build.make _deps/ouster_sdk-build/ouster_osf/CMakeFiles/cpp_gen.dir/depend
gmake[2]: Entering directory '/app/build-native'
cd /app/build-native && /usr/bin/cmake -E cmake_depends "Unix Makefiles" /app /app/build-native/_deps/ouster_sdk-src/ouster_osf /app/build-native /app/build-native/_deps/ouster_sdk-build/ouster_osf /app/build-native/_deps/ouster_sdk-build/ouster_osf/CMakeFiles/cpp_gen.dir/DependInfo.cmake --color=
gmake[2]: Leaving directory '/app/build-native'
/usr/bin/gmake  -f _deps/ouster_sdk-build/ouster_osf/CMakeFiles/cpp_gen.dir/build.make _deps/ouster_sdk-build/ouster_osf/CMakeFiles/cpp_gen.dir/build
gmake[2]: Entering directory '/app/build-native'
[ 77%] Generating C++ code from Flatbuffers spec
gmake[2]: Leaving directory '/app/build-native'
[ 82%] Built target cpp_gen
/usr/bin/gmake  -f _deps/ouster_sdk-build/ouster_osf/CMakeFiles/ouster_osf.dir/build.make _deps/ouster_sdk-build/ouster_osf/CMakeFiles/ouster_osf.dir/depend
gmake[2]: Entering directory '/app/build-native'
cd /app/build-native && /usr/bin/cmake -E cmake_depends "Unix Makefiles" /app /app/build-native/_deps/ouster_sdk-src/ouster_osf /app/build-native /app/build-native/_deps/ouster_sdk-build/ouster_osf /app/build-native/_deps/ouster_sdk-build/ouster_osf/CMakeFiles/ouster_osf.dir/DependInfo.cmake --color=
gmake[2]: Leaving directory '/app/build-native'
/usr/bin/gmake  -f _deps/ouster_sdk-build/ouster_osf/CMakeFiles/ouster_osf.dir/build.make _deps/ouster_sdk-build/ouster_osf/CMakeFiles/ouster_osf.dir/build
gmake[2]: Entering directory '/app/build-native'
gmake[2]: Nothing to be done for '_deps/ouster_sdk-build/ouster_osf/CMakeFiles/ouster_osf.dir/build'.
gmake[2]: Leaving directory '/app/build-native'
[ 91%] Built target ouster_osf
/usr/bin/gmake  -f _deps/ouster_sdk-build/ouster_mapping/CMakeFiles/ouster_mapping.dir/build.make _deps/ouster_sdk-build/ouster_mapping/CMakeFiles/ouster_mapping.dir/depend
gmake[2]: Entering directory '/app/build-native'
cd /app/build-native && /usr/bin/cmake -E cmake_depends "Unix Makefiles" /app /app/build-native/_deps/ouster_sdk-src/ouster_mapping /app/build-native /app/build-native/_deps/ouster_sdk-build/ouster_mapping /app/build-native/_deps/ouster_sdk-build/ouster_mapping/CMakeFiles/ouster_mapping.dir/DependInfo.cmake --color=
gmake[2]: Leaving directory '/app/build-native'
/usr/bin/gmake  -f _deps/ouster_sdk-build/ouster_mapping/CMakeFiles/ouster_mapping.dir/build.make _deps/ouster_sdk-build/ouster_mapping/CMakeFiles/ouster_mapping.dir/build
gmake[2]: Entering directory '/app/build-native'
gmake[2]: Nothing to be done for '_deps/ouster_sdk-build/ouster_mapping/CMakeFiles/ouster_mapping.dir/build'.
gmake[2]: Leaving directory '/app/build-native'
[ 96%] Built target ouster_mapping
/usr/bin/gmake  -f CMakeFiles/drivebrain.dir/build.make CMakeFiles/drivebrain.dir/depend
gmake[2]: Entering directory '/app/build-native'
cd /app/build-native && /usr/bin/cmake -E cmake_depends "Unix Makefiles" /app /app /app/build-native /app/build-native /app/build-native/CMakeFiles/drivebrain.dir/DependInfo.cmake --color=
gmake[2]: Leaving directory '/app/build-native'
/usr/bin/gmake  -f CMakeFiles/drivebrain.dir/build.make CMakeFiles/drivebrain.dir/build
gmake[2]: Entering directory '/app/build-native'
[ 96%] Linking CXX executable drivebrain
/usr/bin/cmake -E cmake_link_script CMakeFiles/drivebrain.dir/link.txt --verbose=1
/usr/bin/c++ -O3 -DNDEBUG -static CMakeFiles/drivebrain.dir/drivebrain_app/src/main.cpp.o CMakeFiles/drivebrain.dir/drivebrain_app/src/drivebrain_app.cpp.o -o drivebrain   -L/root/.conan2/p/b/zeroma7f4a5f9ee40c/p/lib  -L/root/.conan2/p/b/libso9881061f49823/p/lib  -L/root/.conan2/p/b/foxgl57df4f180cc02/p/lib  -L/root/.conan2/p/b/opens1c126cc43218d/p/lib  -L/root/.conan2/p/b/zlib28ee841f6d37c/p/lib  -L/root/.conan2/p/b/lz49741698f7928b/p/lib  -L/root/.conan2/p/b/zstdb19e0056cafb7/p/lib  -L/root/.conan2/p/b/proto3007ce8f1239d/p/lib  -L/root/.conan2/p/b/absei3cfb31b9be41a/p/lib  -L/root/.conan2/p/b/boost9f9a41ec90854/p/lib  -L/root/.conan2/p/b/bzip2c71e40ee6b7ad/p/lib  -L/root/.conan2/p/b/libbac49fb198f91c8/p/lib  -L/root/.conan2/p/b/spdlo769080986633a/p/lib  -L/root/.conan2/p/b/fmt8124399e50c14/p/lib  -L/root/.conan2/p/b/dbcpp753687b24622f/p/lib  -Wl,-rpath,/root/.conan2/p/b/zeroma7f4a5f9ee40c/p/lib:/root/.conan2/p/b/libso9881061f49823/p/lib:/root/.conan2/p/b/foxgl57df4f180cc02/p/lib:/root/.conan2/p/b/opens1c126cc43218d/p/lib:/root/.conan2/p/b/zlib28ee841f6d37c/p/lib:/root/.conan2/p/b/lz49741698f7928b/p/lib:/root/.conan2/p/b/zstdb19e0056cafb7/p/lib:/root/.conan2/p/b/proto3007ce8f1239d/p/lib:/root/.conan2/p/b/absei3cfb31b9be41a/p/lib:/root/.conan2/p/b/boost9f9a41ec90854/p/lib:/root/.conan2/p/b/bzip2c71e40ee6b7ad/p/lib:/root/.conan2/p/b/libbac49fb198f91c8/p/lib:/root/.conan2/p/b/spdlo769080986633a/p/lib:/root/.conan2/p/b/fmt8124399e50c14/p/lib:/root/.conan2/p/b/dbcpp753687b24622f/p/lib _deps/ht_proto-build/libhytech_msgs_cpp_lib.a _deps/ht_can-build/libhytech_can_msgs_cpp_lib.a drivebrain_core/libdrivebrain_core.a drivebrain_comms/libdrivebrain_comms.a drivebrain_control/libdrivebrain_control.a _deps/drivebrain_simulink_models-build/libmatlab_model.a -Wl,--whole-archive _deps/simulink_automation_msgs_cpp-build/libsimulink_automation_msgs_proto_cpp.a -Wl,--no-whole-archive _deps/ouster_sdk-build/ouster_core/libouster_core.a _deps/ouster_sdk-build/ouster_sensor/libouster_sensor.a _deps/ouster_sdk-build/ouster_mapping/libouster_mapping.a /root/.conan2/p/b/zeroma7f4a5f9ee40c/p/lib/libzmq.a /root/.conan2/p/b/libso9881061f49823/p/lib/libsodium.a /root/.conan2/p/b/foxgl57df4f180cc02/p/lib/libfoxglove_websocket.a /root/.conan2/p/b/lz49741698f7928b/p/lib/liblz4.a /root/.conan2/p/b/boost9f9a41ec90854/p/lib/libboost_log_setup.a /root/.conan2/p/b/boost9f9a41ec90854/p/lib/libboost_unit_test_framework.a /root/.conan2/p/b/boost9f9a41ec90854/p/lib/libboost_type_erasure.a /root/.conan2/p/b/boost9f9a41ec90854/p/lib/libboost_log.a /root/.conan2/p/b/boost9f9a41ec90854/p/lib/libboost_locale.a /root/.conan2/p/b/boost9f9a41ec90854/p/lib/libboost_fiber_numa.a /root/.conan2/p/b/boost9f9a41ec90854/p/lib/libboost_contract.a /root/.conan2/p/b/boost9f9a41ec90854/p/lib/libboost_wave.a /root/.conan2/p/b/boost9f9a41ec90854/p/lib/libboost_timer.a /root/.conan2/p/b/boost9f9a41ec90854/p/lib/libboost_thread.a /root/.conan2/p/b/boost9f9a41ec90854/p/lib/libboost_test_exec_monitor.a /root/.conan2/p/b/boost9f9a41ec90854/p/lib/libboost_prg_exec_monitor.a /root/.conan2/p/b/boost9f9a41ec90854/p/lib/libboost_nowide.a /root/.conan2/p/b/boost9f9a41ec90854/p/lib/libboost_iostreams.a /root/.conan2/p/b/boost9f9a41ec90854/p/lib/libboost_graph.a /root/.conan2/p/b/boost9f9a41ec90854/p/lib/libboost_fiber.a /root/.conan2/p/b/boost9f9a41ec90854/p/lib/libboost_wserialization.a /root/.conan2/p/b/boost9f9a41ec90854/p/lib/libboost_stacktrace_noop.a /root/.conan2/p/b/boost9f9a41ec90854/p/lib/libboost_stacktrace_basic.a /root/.conan2/p/b/boost9f9a41ec90854/p/lib/libboost_stacktrace_backtrace.a /root/.conan2/p/b/libbac49fb198f91c8/p/lib/libbacktrace.a /root/.conan2/p/b/boost9f9a41ec90854/p/lib/libboost_stacktrace_addr2line.a /root/.conan2/p/b/boost9f9a41ec90854/p/lib/libboost_random.a /root/.conan2/p/b/boost9f9a41ec90854/p/lib/libboost_math_tr1l.a /root/.conan2/p/b/boost9f9a41ec90854/p/lib/libboost_math_tr1f.a /root/.conan2/p/b/boost9f9a41ec90854/p/lib/libboost_math_tr1.a /root/.conan2/p/b/boost9f9a41ec90854/p/lib/libboost_math_c99l.a /root/.conan2/p/b/boost9f9a41ec90854/p/lib/libboost_math_c99f.a /root/.conan2/p/b/boost9f9a41ec90854/p/lib/libboost_math_c99.a /root/.conan2/p/b/boost9f9a41ec90854/p/lib/libboost_json.a /root/.conan2/p/b/boost9f9a41ec90854/p/lib/libboost_filesystem.a /root/.conan2/p/b/boost9f9a41ec90854/p/lib/libboost_coroutine.a /root/.conan2/p/b/boost9f9a41ec90854/p/lib/libboost_chrono.a /root/.conan2/p/b/boost9f9a41ec90854/p/lib/libboost_serialization.a /root/.conan2/p/b/boost9f9a41ec90854/p/lib/libboost_regex.a /root/.conan2/p/b/boost9f9a41ec90854/p/lib/libboost_program_options.a /root/.conan2/p/b/boost9f9a41ec90854/p/lib/libboost_exception.a /root/.conan2/p/b/boost9f9a41ec90854/p/lib/libboost_date_time.a /root/.conan2/p/b/boost9f9a41ec90854/p/lib/libboost_context.a /root/.conan2/p/b/boost9f9a41ec90854/p/lib/libboost_container.a /root/.conan2/p/b/boost9f9a41ec90854/p/lib/libboost_atomic.a /root/.conan2/p/b/spdlo769080986633a/p/lib/libspdlog.a /root/.conan2/p/b/fmt8124399e50c14/p/lib/libfmt.a /root/.conan2/p/b/foxgl57df4f180cc02/p/lib/libfoxglove_websocket.a /root/.conan2/p/b/opens1c126cc43218d/p/lib/libssl.a /root/.conan2/p/b/opens1c126cc43218d/p/lib/libcrypto.a /root/.conan2/p/b/proto3007ce8f1239d/p/lib/libprotobuf.a /root/.conan2/p/b/absei3cfb31b9be41a/p/lib/libabsl_log_internal_check_op.a /root/.conan2/p/b/absei3cfb31b9be41a/p/lib/libabsl_die_if_null.a /root/.conan2/p/b/absei3cfb31b9be41a/p/lib/libabsl_log_internal_conditions.a /root/.conan2/p/b/absei3cfb31b9be41a/p/lib/libabsl_log_internal_message.a /root/.conan2/p/b/absei3cfb31b9be41a/p/lib/libabsl_log_internal_nullguard.a /root/.conan2/p/b/absei3cfb31b9be41a/p/lib/libabsl_examine_stack.a /root/.conan2/p/b/absei3cfb31b9be41a/p/lib/libabsl_log_internal_format.a /root/.conan2/p/b/absei3cfb31b9be41a/p/lib/libabsl_log_internal_structured_proto.a /root/.conan2/p/b/absei3cfb31b9be41a/p/lib/libabsl_log_internal_proto.a /root/.conan2/p/b/absei3cfb31b9be41a/p/lib/libabsl_log_internal_log_sink_set.a /root/.conan2/p/b/absei3cfb31b9be41a/p/lib/libabsl_log_sink.a /root/.conan2/p/b/absei3cfb31b9be41a/p/lib/libabsl_log_entry.a /root/.conan2/p/b/absei3cfb31b9be41a/p/lib/libabsl_flags_internal.a /root/.conan2/p/b/absei3cfb31b9be41a/p/lib/libabsl_flags_marshalling.a /root/.conan2/p/b/absei3cfb31b9be41a/p/lib/libabsl_flags_reflection.a /root/.conan2/p/b/absei3cfb31b9be41a/p/lib/libabsl_flags_config.a /root/.conan2/p/b/absei3cfb31b9be41a/p/lib/libabsl_flags_program_name.a /root/.conan2/p/b/absei3cfb31b9be41a/p/lib/libabsl_flags_private_handle_accessor.a /root/.conan2/p/b/absei3cfb31b9be41a/p/lib/libabsl_flags_commandlineflag.a /root/.conan2/p/b/absei3cfb31b9be41a/p/lib/libabsl_flags_commandlineflag_internal.a /root/.conan2/p/b/absei3cfb31b9be41a/p/lib/libabsl_log_initialize.a /root/.conan2/p/b/absei3cfb31b9be41a/p/lib/libabsl_log_internal_globals.a /root/.conan2/p/b/absei3cfb31b9be41a/p/lib/libabsl_log_globals.a /root/.conan2/p/b/absei3cfb31b9be41a/p/lib/libabsl_vlog_config_internal.a /root/.conan2/p/b/absei3cfb31b9be41a/p/lib/libabsl_log_internal_fnmatch.a /root/.conan2/p/b/absei3cfb31b9be41a/p/lib/libabsl_raw_hash_set.a /root/.conan2/p/b/absei3cfb31b9be41a/p/lib/libabsl_hash.a /root/.conan2/p/b/absei3cfb31b9be41a/p/lib/libabsl_city.a /root/.conan2/p/b/absei3cfb31b9be41a/p/lib/libabsl_low_level_hash.a /root/.conan2/p/b/absei3cfb31b9be41a/p/lib/libabsl_hashtablez_sampler.a /root/.conan2/p/b/absei3cfb31b9be41a/p/lib/libabsl_random_distributions.a /root/.conan2/p/b/absei3cfb31b9be41a/p/lib/libabsl_random_seed_sequences.a /root/.conan2/p/b/absei3cfb31b9be41a/p/lib/libabsl_random_internal_pool_urbg.a /root/.conan2/p/b/absei3cfb31b9be41a/p/lib/libabsl_random_internal_randen.a /root/.conan2/p/b/absei3cfb31b9be41a/p/lib/libabsl_random_internal_randen_hwaes.a /root/.conan2/p/b/absei3cfb31b9be41a/p/lib/libabsl_random_internal_randen_hwaes_impl.a /root/.conan2/p/b/absei3cfb31b9be41a/p/lib/libabsl_random_internal_randen_slow.a /root/.conan2/p/b/absei3cfb31b9be41a/p/lib/libabsl_random_internal_platform.a /root/.conan2/p/b/absei3cfb31b9be41a/p/lib/libabsl_random_internal_seed_material.a /root/.conan2/p/b/absei3cfb31b9be41a/p/lib/libabsl_random_seed_gen_exception.a /root/.conan2/p/b/absei3cfb31b9be41a/p/lib/libabsl_statusor.a /root/.conan2/p/b/absei3cfb31b9be41a/p/lib/libabsl_status.a /root/.conan2/p/b/absei3cfb31b9be41a/p/lib/libabsl_cord.a /root/.conan2/p/b/absei3cfb31b9be41a/p/lib/libabsl_cordz_info.a /root/.conan2/p/b/absei3cfb31b9be41a/p/lib/libabsl_cord_internal.a /root/.conan2/p/b/absei3cfb31b9be41a/p/lib/libabsl_cordz_functions.a /root/.conan2/p/b/absei3cfb31b9be41a/p/lib/libabsl_exponential_biased.a /root/.conan2/p/b/absei3cfb31b9be41a/p/lib/libabsl_cordz_handle.a /root/.conan2/p/b/absei3cfb31b9be41a/p/lib/libabsl_crc_cord_state.a /root/.conan2/p/b/absei3cfb31b9be41a/p/lib/libabsl_crc32c.a /root/.conan2/p/b/absei3cfb31b9be41a/p/lib/libabsl_crc_internal.a /root/.conan2/p/b/absei3cfb31b9be41a/p/lib/libabsl_crc_cpu_detect.a /root/.conan2/p/b/absei3cfb31b9be41a/p/lib/libabsl_bad_optional_access.a /root/.conan2/p/b/absei3cfb31b9be41a/p/lib/libabsl_leak_check.a /root/.conan2/p/b/absei3cfb31b9be41a/p/lib/libabsl_strerror.a /root/.conan2/p/b/absei3cfb31b9be41a/p/lib/libabsl_str_format_internal.a /root/.conan2/p/b/absei3cfb31b9be41a/p/lib/libabsl_synchronization.a /root/.conan2/p/b/absei3cfb31b9be41a/p/lib/libabsl_stacktrace.a /root/.conan2/p/b/absei3cfb31b9be41a/p/lib/libabsl_symbolize.a /root/.conan2/p/b/absei3cfb31b9be41a/p/lib/libabsl_debugging_internal.a /root/.conan2/p/b/absei3cfb31b9be41a/p/lib/libabsl_demangle_internal.a /root/.conan2/p/b/absei3cfb31b9be41a/p/lib/libabsl_demangle_rust.a /root/.conan2/p/b/absei3cfb31b9be41a/p/lib/libabsl_decode_rust_punycode.a /root/.conan2/p/b/absei3cfb31b9be41a/p/lib/libabsl_utf8_for_code_point.a /root/.conan2/p/b/absei3cfb31b9be41a/p/lib/libabsl_graphcycles_internal.a /root/.conan2/p/b/absei3cfb31b9be41a/p/lib/libabsl_kernel_timeout_internal.a /root/.conan2/p/b/absei3cfb31b9be41a/p/lib/libabsl_malloc_internal.a /root/.conan2/p/b/absei3cfb31b9be41a/p/lib/libabsl_tracing_internal.a /root/.conan2/p/b/absei3cfb31b9be41a/p/lib/libabsl_time.a /root/.conan2/p/b/absei3cfb31b9be41a/p/lib/libabsl_civil_time.a /root/.conan2/p/b/absei3cfb31b9be41a/p/lib/libabsl_time_zone.a /root/.conan2/p/b/absei3cfb31b9be41a/p/lib/libabsl_bad_variant_access.a /root/.conan2/p/b/proto3007ce8f1239d/p/lib/libutf8_validity.a /root/.conan2/p/b/absei3cfb31b9be41a/p/lib/libabsl_strings.a /root/.conan2/p/b/absei3cfb31b9be41a/p/lib/libabsl_int128.a /root/.conan2/p/b/absei3cfb31b9be41a/p/lib/libabsl_strings_internal.a /root/.conan2/p/b/absei3cfb31b9be41a/p/lib/libabsl_string_view.a /root/.conan2/p/b/absei3cfb31b9be41a/p/lib/libabsl_base.a /root/.conan2/p/b/absei3cfb31b9be41a/p/lib/libabsl_spinlock_wait.a /root/.conan2/p/b/absei3cfb31b9be41a/p/lib/libabsl_throw_delegate.a /root/.conan2/p/b/absei3cfb31b9be41a/p/lib/libabsl_raw_logging_internal.a /root/.conan2/p/b/absei3cfb31b9be41a/p/lib/libabsl_log_severity.a /root/.conan2/p/b/dbcpp753687b24622f/p/lib/liblibdbcppp.a /root/.conan2/p/b/boost9f9a41ec90854/p/lib/libboost_log_setup.a /root/.conan2/p/b/boost9f9a41ec90854/p/lib/libboost_unit_test_framework.a /root/.conan2/p/b/boost9f9a41ec90854/p/lib/libboost_type_erasure.a /root/.conan2/p/b/boost9f9a41ec90854/p/lib/libboost_log.a /root/.conan2/p/b/boost9f9a41ec90854/p/lib/libboost_locale.a /root/.conan2/p/b/boost9f9a41ec90854/p/lib/libboost_fiber_numa.a /root/.conan2/p/b/boost9f9a41ec90854/p/lib/libboost_contract.a /root/.conan2/p/b/boost9f9a41ec90854/p/lib/libboost_wave.a /root/.conan2/p/b/boost9f9a41ec90854/p/lib/libboost_timer.a /root/.conan2/p/b/boost9f9a41ec90854/p/lib/libboost_thread.a /root/.conan2/p/b/boost9f9a41ec90854/p/lib/libboost_test_exec_monitor.a /root/.conan2/p/b/boost9f9a41ec90854/p/lib/libboost_prg_exec_monitor.a /root/.conan2/p/b/boost9f9a41ec90854/p/lib/libboost_nowide.a /root/.conan2/p/b/boost9f9a41ec90854/p/lib/libboost_iostreams.a /root/.conan2/p/b/zlib28ee841f6d37c/p/lib/libz.a /root/.conan2/p/b/bzip2c71e40ee6b7ad/p/lib/libbz2.a /root/.conan2/p/b/boost9f9a41ec90854/p/lib/libboost_graph.a /root/.conan2/p/b/boost9f9a41ec90854/p/lib/libboost_fiber.a /root/.conan2/p/b/boost9f9a41ec90854/p/lib/libboost_wserialization.a /root/.conan2/p/b/boost9f9a41ec90854/p/lib/libboost_stacktrace_noop.a /root/.conan2/p/b/boost9f9a41ec90854/p/lib/libboost_stacktrace_basic.a /root/.conan2/p/b/boost9f9a41ec90854/p/lib/libboost_stacktrace_backtrace.a /root/.conan2/p/b/libbac49fb198f91c8/p/lib/libbacktrace.a /root/.conan2/p/b/boost9f9a41ec90854/p/lib/libboost_stacktrace_addr2line.a /root/.conan2/p/b/boost9f9a41ec90854/p/lib/libboost_random.a /root/.conan2/p/b/boost9f9a41ec90854/p/lib/libboost_math_tr1l.a /root/.conan2/p/b/boost9f9a41ec90854/p/lib/libboost_math_tr1f.a /root/.conan2/p/b/boost9f9a41ec90854/p/lib/libboost_math_tr1.a /root/.conan2/p/b/boost9f9a41ec90854/p/lib/libboost_math_c99l.a /root/.conan2/p/b/boost9f9a41ec90854/p/lib/libboost_math_c99f.a /root/.conan2/p/b/boost9f9a41ec90854/p/lib/libboost_math_c99.a /root/.conan2/p/b/boost9f9a41ec90854/p/lib/libboost_json.a /root/.conan2/p/b/boost9f9a41ec90854/p/lib/libboost_filesystem.a /root/.conan2/p/b/boost9f9a41ec90854/p/lib/libboost_coroutine.a /root/.conan2/p/b/boost9f9a41ec90854/p/lib/libboost_chrono.a /root/.conan2/p/b/boost9f9a41ec90854/p/lib/libboost_serialization.a /root/.conan2/p/b/boost9f9a41ec90854/p/lib/libboost_regex.a /root/.conan2/p/b/boost9f9a41ec90854/p/lib/libboost_program_options.a /root/.conan2/p/b/boost9f9a41ec90854/p/lib/libboost_exception.a /root/.conan2/p/b/boost9f9a41ec90854/p/lib/libboost_date_time.a /root/.conan2/p/b/boost9f9a41ec90854/p/lib/libboost_context.a /root/.conan2/p/b/boost9f9a41ec90854/p/lib/libboost_container.a /root/.conan2/p/b/boost9f9a41ec90854/p/lib/libboost_atomic.a /root/.conan2/p/b/zeroma7f4a5f9ee40c/p/lib/libzmq.a /root/.conan2/p/b/libso9881061f49823/p/lib/libsodium.a drivebrain_core/libdrivebrain_core.a drivebrain_core/libdrivebrain_core.a _deps/drivebrain_simulink_models-build/libmatlab_model.a _deps/ht_proto-build/libhytech_msgs_cpp_lib.a _deps/ht_can-build/libhytech_can_msgs_cpp_lib.a /root/.conan2/p/b/spdlo769080986633a/p/lib/libspdlog.a /root/.conan2/p/b/fmt8124399e50c14/p/lib/libfmt.a /root/.conan2/p/b/boost9f9a41ec90854/p/lib/libboost_log_setup.a /root/.conan2/p/b/boost9f9a41ec90854/p/lib/libboost_unit_test_framework.a /root/.conan2/p/b/boost9f9a41ec90854/p/lib/libboost_type_erasure.a /root/.conan2/p/b/boost9f9a41ec90854/p/lib/libboost_log.a /root/.conan2/p/b/boost9f9a41ec90854/p/lib/libboost_locale.a /root/.conan2/p/b/boost9f9a41ec90854/p/lib/libboost_fiber_numa.a /root/.conan2/p/b/boost9f9a41ec90854/p/lib/libboost_contract.a /root/.conan2/p/b/boost9f9a41ec90854/p/lib/libboost_wave.a /root/.conan2/p/b/boost9f9a41ec90854/p/lib/libboost_timer.a /root/.conan2/p/b/boost9f9a41ec90854/p/lib/libboost_thread.a /root/.conan2/p/b/boost9f9a41ec90854/p/lib/libboost_test_exec_monitor.a /root/.conan2/p/b/boost9f9a41ec90854/p/lib/libboost_prg_exec_monitor.a /root/.conan2/p/b/boost9f9a41ec90854/p/lib/libboost_nowide.a /root/.conan2/p/b/boost9f9a41ec90854/p/lib/libboost_iostreams.a /root/.conan2/p/b/bzip2c71e40ee6b7ad/p/lib/libbz2.a /root/.conan2/p/b/boost9f9a41ec90854/p/lib/libboost_graph.a /root/.conan2/p/b/boost9f9a41ec90854/p/lib/libboost_fiber.a /root/.conan2/p/b/boost9f9a41ec90854/p/lib/libboost_wserialization.a /root/.conan2/p/b/boost9f9a41ec90854/p/lib/libboost_stacktrace_noop.a /root/.conan2/p/b/boost9f9a41ec90854/p/lib/libboost_stacktrace_basic.a /root/.conan2/p/b/boost9f9a41ec90854/p/lib/libboost_stacktrace_backtrace.a /root/.conan2/p/b/libbac49fb198f91c8/p/lib/libbacktrace.a /root/.conan2/p/b/boost9f9a41ec90854/p/lib/libboost_stacktrace_addr2line.a /root/.conan2/p/b/boost9f9a41ec90854/p/lib/libboost_random.a /root/.conan2/p/b/boost9f9a41ec90854/p/lib/libboost_math_tr1l.a /root/.conan2/p/b/boost9f9a41ec90854/p/lib/libboost_math_tr1f.a /root/.conan2/p/b/boost9f9a41ec90854/p/lib/libboost_math_tr1.a /root/.conan2/p/b/boost9f9a41ec90854/p/lib/libboost_math_c99l.a /root/.conan2/p/b/boost9f9a41ec90854/p/lib/libboost_math_c99f.a /root/.conan2/p/b/boost9f9a41ec90854/p/lib/libboost_math_c99.a /root/.conan2/p/b/boost9f9a41ec90854/p/lib/libboost_json.a /root/.conan2/p/b/boost9f9a41ec90854/p/lib/libboost_filesystem.a /root/.conan2/p/b/boost9f9a41ec90854/p/lib/libboost_coroutine.a /root/.conan2/p/b/boost9f9a41ec90854/p/lib/libboost_chrono.a /root/.conan2/p/b/boost9f9a41ec90854/p/lib/libboost_serialization.a /root/.conan2/p/b/boost9f9a41ec90854/p/lib/libboost_regex.a /root/.conan2/p/b/boost9f9a41ec90854/p/lib/libboost_program_options.a /root/.conan2/p/b/boost9f9a41ec90854/p/lib/libboost_exception.a /root/.conan2/p/b/boost9f9a41ec90854/p/lib/libboost_date_time.a /root/.conan2/p/b/boost9f9a41ec90854/p/lib/libboost_context.a /root/.conan2/p/b/boost9f9a41ec90854/p/lib/libboost_container.a /root/.conan2/p/b/boost9f9a41ec90854/p/lib/libboost_atomic.a /root/.conan2/p/b/foxgl57df4f180cc02/p/lib/libfoxglove_websocket.a /root/.conan2/p/b/opens1c126cc43218d/p/lib/libssl.a /root/.conan2/p/b/opens1c126cc43218d/p/lib/libcrypto.a /root/.conan2/p/b/lz49741698f7928b/p/lib/liblz4.a /root/.conan2/p/b/zstdb19e0056cafb7/p/lib/libzstd.a /root/.conan2/p/b/proto3007ce8f1239d/p/lib/libprotobuf.a /root/.conan2/p/b/zlib28ee841f6d37c/p/lib/libz.a /root/.conan2/p/b/absei3cfb31b9be41a/p/lib/libabsl_log_internal_check_op.a /root/.conan2/p/b/absei3cfb31b9be41a/p/lib/libabsl_die_if_null.a /root/.conan2/p/b/absei3cfb31b9be41a/p/lib/libabsl_log_internal_conditions.a /root/.conan2/p/b/absei3cfb31b9be41a/p/lib/libabsl_log_internal_message.a /root/.conan2/p/b/absei3cfb31b9be41a/p/lib/libabsl_log_internal_nullguard.a /root/.conan2/p/b/absei3cfb31b9be41a/p/lib/libabsl_examine_stack.a /root/.conan2/p/b/absei3cfb31b9be41a/p/lib/libabsl_log_internal_format.a /root/.conan2/p/b/absei3cfb31b9be41a/p/lib/libabsl_log_internal_structured_proto.a /root/.conan2/p/b/absei3cfb31b9be41a/p/lib/libabsl_log_internal_proto.a /root/.conan2/p/b/absei3cfb31b9be41a/p/lib/libabsl_log_internal_log_sink_set.a /root/.conan2/p/b/absei3cfb31b9be41a/p/lib/libabsl_log_sink.a /root/.conan2/p/b/absei3cfb31b9be41a/p/lib/libabsl_log_entry.a /root/.conan2/p/b/absei3cfb31b9be41a/p/lib/libabsl_flags_internal.a /root/.conan2/p/b/absei3cfb31b9be41a/p/lib/libabsl_flags_marshalling.a /root/.conan2/p/b/absei3cfb31b9be41a/p/lib/libabsl_flags_reflection.a /root/.conan2/p/b/absei3cfb31b9be41a/p/lib/libabsl_flags_config.a /root/.conan2/p/b/absei3cfb31b9be41a/p/lib/libabsl_flags_program_name.a /root/.conan2/p/b/absei3cfb31b9be41a/p/lib/libabsl_flags_private_handle_accessor.a /root/.conan2/p/b/absei3cfb31b9be41a/p/lib/libabsl_flags_commandlineflag.a /root/.conan2/p/b/absei3cfb31b9be41a/p/lib/libabsl_flags_commandlineflag_internal.a /root/.conan2/p/b/absei3cfb31b9be41a/p/lib/libabsl_log_initialize.a /root/.conan2/p/b/absei3cfb31b9be41a/p/lib/libabsl_log_internal_globals.a /root/.conan2/p/b/absei3cfb31b9be41a/p/lib/libabsl_log_globals.a /root/.conan2/p/b/absei3cfb31b9be41a/p/lib/libabsl_vlog_config_internal.a /root/.conan2/p/b/absei3cfb31b9be41a/p/lib/libabsl_log_internal_fnmatch.a /root/.conan2/p/b/absei3cfb31b9be41a/p/lib/libabsl_raw_hash_set.a /root/.conan2/p/b/absei3cfb31b9be41a/p/lib/libabsl_hash.a /root/.conan2/p/b/absei3cfb31b9be41a/p/lib/libabsl_city.a /root/.conan2/p/b/absei3cfb31b9be41a/p/lib/libabsl_low_level_hash.a /root/.conan2/p/b/absei3cfb31b9be41a/p/lib/libabsl_hashtablez_sampler.a /root/.conan2/p/b/absei3cfb31b9be41a/p/lib/libabsl_random_distributions.a /root/.conan2/p/b/absei3cfb31b9be41a/p/lib/libabsl_random_seed_sequences.a /root/.conan2/p/b/absei3cfb31b9be41a/p/lib/libabsl_random_internal_pool_urbg.a /root/.conan2/p/b/absei3cfb31b9be41a/p/lib/libabsl_random_internal_randen.a /root/.conan2/p/b/absei3cfb31b9be41a/p/lib/libabsl_random_internal_randen_hwaes.a /root/.conan2/p/b/absei3cfb31b9be41a/p/lib/libabsl_random_internal_randen_hwaes_impl.a /root/.conan2/p/b/absei3cfb31b9be41a/p/lib/libabsl_random_internal_randen_slow.a /root/.conan2/p/b/absei3cfb31b9be41a/p/lib/libabsl_random_internal_platform.a /root/.conan2/p/b/absei3cfb31b9be41a/p/lib/libabsl_random_internal_seed_material.a /root/.conan2/p/b/absei3cfb31b9be41a/p/lib/libabsl_random_seed_gen_exception.a /root/.conan2/p/b/absei3cfb31b9be41a/p/lib/libabsl_statusor.a /root/.conan2/p/b/absei3cfb31b9be41a/p/lib/libabsl_status.a /root/.conan2/p/b/absei3cfb31b9be41a/p/lib/libabsl_cord.a /root/.conan2/p/b/absei3cfb31b9be41a/p/lib/libabsl_cordz_info.a /root/.conan2/p/b/absei3cfb31b9be41a/p/lib/libabsl_cord_internal.a /root/.conan2/p/b/absei3cfb31b9be41a/p/lib/libabsl_cordz_functions.a /root/.conan2/p/b/absei3cfb31b9be41a/p/lib/libabsl_exponential_biased.a /root/.conan2/p/b/absei3cfb31b9be41a/p/lib/libabsl_cordz_handle.a /root/.conan2/p/b/absei3cfb31b9be41a/p/lib/libabsl_crc_cord_state.a /root/.conan2/p/b/absei3cfb31b9be41a/p/lib/libabsl_crc32c.a /root/.conan2/p/b/absei3cfb31b9be41a/p/lib/libabsl_crc_internal.a /root/.conan2/p/b/absei3cfb31b9be41a/p/lib/libabsl_crc_cpu_detect.a /root/.conan2/p/b/absei3cfb31b9be41a/p/lib/libabsl_bad_optional_access.a /root/.conan2/p/b/absei3cfb31b9be41a/p/lib/libabsl_leak_check.a /root/.conan2/p/b/absei3cfb31b9be41a/p/lib/libabsl_strerror.a /root/.conan2/p/b/absei3cfb31b9be41a/p/lib/libabsl_str_format_internal.a /root/.conan2/p/b/absei3cfb31b9be41a/p/lib/libabsl_synchronization.a /root/.conan2/p/b/absei3cfb31b9be41a/p/lib/libabsl_stacktrace.a /root/.conan2/p/b/absei3cfb31b9be41a/p/lib/libabsl_symbolize.a /root/.conan2/p/b/absei3cfb31b9be41a/p/lib/libabsl_debugging_internal.a /root/.conan2/p/b/absei3cfb31b9be41a/p/lib/libabsl_demangle_internal.a /root/.conan2/p/b/absei3cfb31b9be41a/p/lib/libabsl_demangle_rust.a /root/.conan2/p/b/absei3cfb31b9be41a/p/lib/libabsl_decode_rust_punycode.a /root/.conan2/p/b/absei3cfb31b9be41a/p/lib/libabsl_utf8_for_code_point.a /root/.conan2/p/b/absei3cfb31b9be41a/p/lib/libabsl_graphcycles_internal.a /root/.conan2/p/b/absei3cfb31b9be41a/p/lib/libabsl_kernel_timeout_internal.a /root/.conan2/p/b/absei3cfb31b9be41a/p/lib/libabsl_malloc_internal.a /root/.conan2/p/b/absei3cfb31b9be41a/p/lib/libabsl_tracing_internal.a /root/.conan2/p/b/absei3cfb31b9be41a/p/lib/libabsl_time.a /root/.conan2/p/b/absei3cfb31b9be41a/p/lib/libabsl_civil_time.a /root/.conan2/p/b/absei3cfb31b9be41a/p/lib/libabsl_time_zone.a /root/.conan2/p/b/absei3cfb31b9be41a/p/lib/libabsl_bad_variant_access.a /root/.conan2/p/b/proto3007ce8f1239d/p/lib/libutf8_validity.a /root/.conan2/p/b/absei3cfb31b9be41a/p/lib/libabsl_strings.a /root/.conan2/p/b/absei3cfb31b9be41a/p/lib/libabsl_int128.a /root/.conan2/p/b/absei3cfb31b9be41a/p/lib/libabsl_strings_internal.a /root/.conan2/p/b/absei3cfb31b9be41a/p/lib/libabsl_string_view.a /root/.conan2/p/b/absei3cfb31b9be41a/p/lib/libabsl_base.a /root/.conan2/p/b/absei3cfb31b9be41a/p/lib/libabsl_spinlock_wait.a /root/.conan2/p/b/absei3cfb31b9be41a/p/lib/libabsl_throw_delegate.a /root/.conan2/p/b/absei3cfb31b9be41a/p/lib/libabsl_raw_logging_internal.a /root/.conan2/p/b/absei3cfb31b9be41a/p/lib/libabsl_log_severity.a _deps/simulink_automation_msgs_cpp-build/libsimulink_automation_msgs_proto_cpp.a /root/.conan2/p/b/proto3007ce8f1239d/p/lib/libprotobuf.a /root/.conan2/p/b/absei3cfb31b9be41a/p/lib/libabsl_log_internal_check_op.a /root/.conan2/p/b/absei3cfb31b9be41a/p/lib/libabsl_die_if_null.a /root/.conan2/p/b/absei3cfb31b9be41a/p/lib/libabsl_log_internal_conditions.a /root/.conan2/p/b/absei3cfb31b9be41a/p/lib/libabsl_log_internal_message.a /root/.conan2/p/b/absei3cfb31b9be41a/p/lib/libabsl_log_internal_nullguard.a /root/.conan2/p/b/absei3cfb31b9be41a/p/lib/libabsl_examine_stack.a /root/.conan2/p/b/absei3cfb31b9be41a/p/lib/libabsl_log_internal_format.a /root/.conan2/p/b/absei3cfb31b9be41a/p/lib/libabsl_log_internal_structured_proto.a /root/.conan2/p/b/absei3cfb31b9be41a/p/lib/libabsl_log_internal_proto.a /root/.conan2/p/b/absei3cfb31b9be41a/p/lib/libabsl_log_internal_log_sink_set.a /root/.conan2/p/b/absei3cfb31b9be41a/p/lib/libabsl_log_sink.a /root/.conan2/p/b/absei3cfb31b9be41a/p/lib/libabsl_log_entry.a /root/.conan2/p/b/absei3cfb31b9be41a/p/lib/libabsl_flags_internal.a /root/.conan2/p/b/absei3cfb31b9be41a/p/lib/libabsl_flags_marshalling.a /root/.conan2/p/b/absei3cfb31b9be41a/p/lib/libabsl_flags_reflection.a /root/.conan2/p/b/absei3cfb31b9be41a/p/lib/libabsl_flags_config.a /root/.conan2/p/b/absei3cfb31b9be41a/p/lib/libabsl_flags_program_name.a /root/.conan2/p/b/absei3cfb31b9be41a/p/lib/libabsl_flags_private_handle_accessor.a /root/.conan2/p/b/absei3cfb31b9be41a/p/lib/libabsl_flags_commandlineflag.a /root/.conan2/p/b/absei3cfb31b9be41a/p/lib/libabsl_flags_commandlineflag_internal.a /root/.conan2/p/b/absei3cfb31b9be41a/p/lib/libabsl_log_initialize.a /root/.conan2/p/b/absei3cfb31b9be41a/p/lib/libabsl_log_internal_globals.a /root/.conan2/p/b/absei3cfb31b9be41a/p/lib/libabsl_log_globals.a /root/.conan2/p/b/absei3cfb31b9be41a/p/lib/libabsl_vlog_config_internal.a /root/.conan2/p/b/absei3cfb31b9be41a/p/lib/libabsl_log_internal_fnmatch.a /root/.conan2/p/b/absei3cfb31b9be41a/p/lib/libabsl_raw_hash_set.a /root/.conan2/p/b/absei3cfb31b9be41a/p/lib/libabsl_hash.a /root/.conan2/p/b/absei3cfb31b9be41a/p/lib/libabsl_city.a /root/.conan2/p/b/absei3cfb31b9be41a/p/lib/libabsl_low_level_hash.a /root/.conan2/p/b/absei3cfb31b9be41a/p/lib/libabsl_hashtablez_sampler.a /root/.conan2/p/b/absei3cfb31b9be41a/p/lib/libabsl_random_distributions.a /root/.conan2/p/b/absei3cfb31b9be41a/p/lib/libabsl_random_seed_sequences.a /root/.conan2/p/b/absei3cfb31b9be41a/p/lib/libabsl_random_internal_pool_urbg.a /root/.conan2/p/b/absei3cfb31b9be41a/p/lib/libabsl_random_internal_randen.a /root/.conan2/p/b/absei3cfb31b9be41a/p/lib/libabsl_random_internal_randen_hwaes.a /root/.conan2/p/b/absei3cfb31b9be41a/p/lib/libabsl_random_internal_randen_hwaes_impl.a /root/.conan2/p/b/absei3cfb31b9be41a/p/lib/libabsl_random_internal_randen_slow.a /root/.conan2/p/b/absei3cfb31b9be41a/p/lib/libabsl_random_internal_platform.a /root/.conan2/p/b/absei3cfb31b9be41a/p/lib/libabsl_random_internal_seed_material.a /root/.conan2/p/b/absei3cfb31b9be41a/p/lib/libabsl_random_seed_gen_exception.a /root/.conan2/p/b/absei3cfb31b9be41a/p/lib/libabsl_statusor.a /root/.conan2/p/b/absei3cfb31b9be41a/p/lib/libabsl_status.a /root/.conan2/p/b/absei3cfb31b9be41a/p/lib/libabsl_cord.a /root/.conan2/p/b/absei3cfb31b9be41a/p/lib/libabsl_cordz_info.a /root/.conan2/p/b/absei3cfb31b9be41a/p/lib/libabsl_cord_internal.a /root/.conan2/p/b/absei3cfb31b9be41a/p/lib/libabsl_cordz_functions.a /root/.conan2/p/b/absei3cfb31b9be41a/p/lib/libabsl_exponential_biased.a /root/.conan2/p/b/absei3cfb31b9be41a/p/lib/libabsl_cordz_handle.a /root/.conan2/p/b/absei3cfb31b9be41a/p/lib/libabsl_crc_cord_state.a /root/.conan2/p/b/absei3cfb31b9be41a/p/lib/libabsl_crc32c.a /root/.conan2/p/b/absei3cfb31b9be41a/p/lib/libabsl_crc_internal.a /root/.conan2/p/b/absei3cfb31b9be41a/p/lib/libabsl_crc_cpu_detect.a /root/.conan2/p/b/absei3cfb31b9be41a/p/lib/libabsl_bad_optional_access.a /root/.conan2/p/b/absei3cfb31b9be41a/p/lib/libabsl_leak_check.a /root/.conan2/p/b/absei3cfb31b9be41a/p/lib/libabsl_strerror.a /root/.conan2/p/b/absei3cfb31b9be41a/p/lib/libabsl_str_format_internal.a /root/.conan2/p/b/absei3cfb31b9be41a/p/lib/libabsl_synchronization.a /root/.conan2/p/b/absei3cfb31b9be41a/p/lib/libabsl_stacktrace.a /root/.conan2/p/b/absei3cfb31b9be41a/p/lib/libabsl_symbolize.a /root/.conan2/p/b/absei3cfb31b9be41a/p/lib/libabsl_debugging_internal.a /root/.conan2/p/b/absei3cfb31b9be41a/p/lib/libabsl_demangle_internal.a /root/.conan2/p/b/absei3cfb31b9be41a/p/lib/libabsl_demangle_rust.a /root/.conan2/p/b/absei3cfb31b9be41a/p/lib/libabsl_decode_rust_punycode.a /root/.conan2/p/b/absei3cfb31b9be41a/p/lib/libabsl_utf8_for_code_point.a /root/.conan2/p/b/absei3cfb31b9be41a/p/lib/libabsl_graphcycles_internal.a /root/.conan2/p/b/absei3cfb31b9be41a/p/lib/libabsl_kernel_timeout_internal.a /root/.conan2/p/b/absei3cfb31b9be41a/p/lib/libabsl_malloc_internal.a /root/.conan2/p/b/absei3cfb31b9be41a/p/lib/libabsl_tracing_internal.a /root/.conan2/p/b/absei3cfb31b9be41a/p/lib/libabsl_time.a /root/.conan2/p/b/absei3cfb31b9be41a/p/lib/libabsl_civil_time.a /root/.conan2/p/b/absei3cfb31b9be41a/p/lib/libabsl_time_zone.a /root/.conan2/p/b/absei3cfb31b9be41a/p/lib/libabsl_bad_variant_access.a /root/.conan2/p/b/proto3007ce8f1239d/p/lib/libutf8_validity.a /root/.conan2/p/b/absei3cfb31b9be41a/p/lib/libabsl_strings.a /root/.conan2/p/b/absei3cfb31b9be41a/p/lib/libabsl_int128.a /root/.conan2/p/b/absei3cfb31b9be41a/p/lib/libabsl_strings_internal.a /root/.conan2/p/b/absei3cfb31b9be41a/p/lib/libabsl_string_view.a /root/.conan2/p/b/absei3cfb31b9be41a/p/lib/libabsl_base.a /root/.conan2/p/b/absei3cfb31b9be41a/p/lib/libabsl_spinlock_wait.a /root/.conan2/p/b/absei3cfb31b9be41a/p/lib/libabsl_throw_delegate.a /root/.conan2/p/b/absei3cfb31b9be41a/p/lib/libabsl_raw_logging_internal.a /root/.conan2/p/b/absei3cfb31b9be41a/p/lib/libabsl_log_severity.a _deps/drivebrain_simulink_models-build/libhtx_qp_torq_allocator.a _deps/drivebrain_simulink_models-build/libhtx_estimator.a _deps/vn_driver_lib-build/liblibvncxx.a /root/.conan2/p/b/spdlo769080986633a/p/lib/libspdlog.a /root/.conan2/p/b/fmt8124399e50c14/p/lib/libfmt.a /root/.conan2/p/b/foxgl57df4f180cc02/p/lib/libfoxglove_websocket.a /root/.conan2/p/b/opens1c126cc43218d/p/lib/libssl.a /root/.conan2/p/b/opens1c126cc43218d/p/lib/libcrypto.a /root/.conan2/p/b/proto3007ce8f1239d/p/lib/libprotobuf.a -lm -latomic /root/.conan2/p/b/absei3cfb31b9be41a/p/lib/libabsl_log_internal_check_op.a /root/.conan2/p/b/absei3cfb31b9be41a/p/lib/libabsl_die_if_null.a /root/.conan2/p/b/absei3cfb31b9be41a/p/lib/libabsl_log_internal_conditions.a /root/.conan2/p/b/absei3cfb31b9be41a/p/lib/libabsl_log_internal_message.a /root/.conan2/p/b/absei3cfb31b9be41a/p/lib/libabsl_log_internal_nullguard.a /root/.conan2/p/b/absei3cfb31b9be41a/p/lib/libabsl_examine_stack.a /root/.conan2/p/b/absei3cfb31b9be41a/p/lib/libabsl_log_internal_format.a /root/.conan2/p/b/absei3cfb31b9be41a/p/lib/libabsl_log_internal_structured_proto.a /root/.conan2/p/b/absei3cfb31b9be41a/p/lib/libabsl_log_internal_proto.a /root/.conan2/p/b/absei3cfb31b9be41a/p/lib/libabsl_log_internal_log_sink_set.a /root/.conan2/p/b/absei3cfb31b9be41a/p/lib/libabsl_log_sink.a /root/.conan2/p/b/absei3cfb31b9be41a/p/lib/libabsl_log_entry.a /root/.conan2/p/b/absei3cfb31b9be41a/p/lib/libabsl_flags_internal.a /root/.conan2/p/b/absei3cfb31b9be41a/p/lib/libabsl_flags_marshalling.a /root/.conan2/p/b/absei3cfb31b9be41a/p/lib/libabsl_flags_reflection.a /root/.conan2/p/b/absei3cfb31b9be41a/p/lib/libabsl_flags_config.a /root/.conan2/p/b/absei3cfb31b9be41a/p/lib/libabsl_flags_program_name.a /root/.conan2/p/b/absei3cfb31b9be41a/p/lib/libabsl_flags_private_handle_accessor.a /root/.conan2/p/b/absei3cfb31b9be41a/p/lib/libabsl_flags_commandlineflag.a /root/.conan2/p/b/absei3cfb31b9be41a/p/lib/libabsl_flags_commandlineflag_internal.a /root/.conan2/p/b/absei3cfb31b9be41a/p/lib/libabsl_log_initialize.a /root/.conan2/p/b/absei3cfb31b9be41a/p/lib/libabsl_log_internal_globals.a /root/.conan2/p/b/absei3cfb31b9be41a/p/lib/libabsl_log_globals.a /root/.conan2/p/b/absei3cfb31b9be41a/p/lib/libabsl_vlog_config_internal.a /root/.conan2/p/b/absei3cfb31b9be41a/p/lib/libabsl_log_internal_fnmatch.a /root/.conan2/p/b/absei3cfb31b9be41a/p/lib/libabsl_raw_hash_set.a /root/.conan2/p/b/absei3cfb31b9be41a/p/lib/libabsl_hash.a /root/.conan2/p/b/absei3cfb31b9be41a/p/lib/libabsl_city.a /root/.conan2/p/b/absei3cfb31b9be41a/p/lib/libabsl_low_level_hash.a /root/.conan2/p/b/absei3cfb31b9be41a/p/lib/libabsl_hashtablez_sampler.a /root/.conan2/p/b/absei3cfb31b9be41a/p/lib/libabsl_random_distributions.a /root/.conan2/p/b/absei3cfb31b9be41a/p/lib/libabsl_random_seed_sequences.a /root/.conan2/p/b/absei3cfb31b9be41a/p/lib/libabsl_random_internal_pool_urbg.a /root/.conan2/p/b/absei3cfb31b9be41a/p/lib/libabsl_random_internal_randen.a /root/.conan2/p/b/absei3cfb31b9be41a/p/lib/libabsl_random_internal_randen_hwaes.a /root/.conan2/p/b/absei3cfb31b9be41a/p/lib/libabsl_random_internal_randen_hwaes_impl.a /root/.conan2/p/b/absei3cfb31b9be41a/p/lib/libabsl_random_internal_randen_slow.a /root/.conan2/p/b/absei3cfb31b9be41a/p/lib/libabsl_random_internal_platform.a /root/.conan2/p/b/absei3cfb31b9be41a/p/lib/libabsl_random_internal_seed_material.a /root/.conan2/p/b/absei3cfb31b9be41a/p/lib/libabsl_random_seed_gen_exception.a /root/.conan2/p/b/absei3cfb31b9be41a/p/lib/libabsl_statusor.a /root/.conan2/p/b/absei3cfb31b9be41a/p/lib/libabsl_status.a /root/.conan2/p/b/absei3cfb31b9be41a/p/lib/libabsl_cord.a /root/.conan2/p/b/absei3cfb31b9be41a/p/lib/libabsl_cordz_info.a /root/.conan2/p/b/absei3cfb31b9be41a/p/lib/libabsl_cord_internal.a /root/.conan2/p/b/absei3cfb31b9be41a/p/lib/libabsl_cordz_functions.a /root/.conan2/p/b/absei3cfb31b9be41a/p/lib/libabsl_exponential_biased.a /root/.conan2/p/b/absei3cfb31b9be41a/p/lib/libabsl_cordz_handle.a /root/.conan2/p/b/absei3cfb31b9be41a/p/lib/libabsl_crc_cord_state.a /root/.conan2/p/b/absei3cfb31b9be41a/p/lib/libabsl_crc32c.a /root/.conan2/p/b/absei3cfb31b9be41a/p/lib/libabsl_crc_internal.a /root/.conan2/p/b/absei3cfb31b9be41a/p/lib/libabsl_crc_cpu_detect.a /root/.conan2/p/b/absei3cfb31b9be41a/p/lib/libabsl_bad_optional_access.a /root/.conan2/p/b/absei3cfb31b9be41a/p/lib/libabsl_leak_check.a /root/.conan2/p/b/absei3cfb31b9be41a/p/lib/libabsl_strerror.a /root/.conan2/p/b/absei3cfb31b9be41a/p/lib/libabsl_str_format_internal.a /root/.conan2/p/b/absei3cfb31b9be41a/p/lib/libabsl_synchronization.a /root/.conan2/p/b/absei3cfb31b9be41a/p/lib/libabsl_stacktrace.a /root/.conan2/p/b/absei3cfb31b9be41a/p/lib/libabsl_symbolize.a /root/.conan2/p/b/absei3cfb31b9be41a/p/lib/libabsl_debugging_internal.a /root/.conan2/p/b/absei3cfb31b9be41a/p/lib/libabsl_demangle_internal.a /root/.conan2/p/b/absei3cfb31b9be41a/p/lib/libabsl_demangle_rust.a /root/.conan2/p/b/absei3cfb31b9be41a/p/lib/libabsl_decode_rust_punycode.a /root/.conan2/p/b/absei3cfb31b9be41a/p/lib/libabsl_utf8_for_code_point.a /root/.conan2/p/b/absei3cfb31b9be41a/p/lib/libabsl_graphcycles_internal.a /root/.conan2/p/b/absei3cfb31b9be41a/p/lib/libabsl_kernel_timeout_internal.a /root/.conan2/p/b/absei3cfb31b9be41a/p/lib/libabsl_malloc_internal.a /root/.conan2/p/b/absei3cfb31b9be41a/p/lib/libabsl_tracing_internal.a /root/.conan2/p/b/absei3cfb31b9be41a/p/lib/libabsl_time.a /root/.conan2/p/b/absei3cfb31b9be41a/p/lib/libabsl_civil_time.a /root/.conan2/p/b/absei3cfb31b9be41a/p/lib/libabsl_time_zone.a /root/.conan2/p/b/absei3cfb31b9be41a/p/lib/libabsl_bad_variant_access.a /root/.conan2/p/b/proto3007ce8f1239d/p/lib/libutf8_validity.a /root/.conan2/p/b/absei3cfb31b9be41a/p/lib/libabsl_strings.a /root/.conan2/p/b/absei3cfb31b9be41a/p/lib/libabsl_int128.a /root/.conan2/p/b/absei3cfb31b9be41a/p/lib/libabsl_strings_internal.a /root/.conan2/p/b/absei3cfb31b9be41a/p/lib/libabsl_string_view.a /root/.conan2/p/b/absei3cfb31b9be41a/p/lib/libabsl_base.a /root/.conan2/p/b/absei3cfb31b9be41a/p/lib/libabsl_spinlock_wait.a /root/.conan2/p/b/absei3cfb31b9be41a/p/lib/libabsl_throw_delegate.a /root/.conan2/p/b/absei3cfb31b9be41a/p/lib/libabsl_raw_logging_internal.a /root/.conan2/p/b/absei3cfb31b9be41a/p/lib/libabsl_log_severity.a /root/.conan2/p/b/dbcpp753687b24622f/p/lib/liblibdbcppp.a /root/.conan2/p/b/boost9f9a41ec90854/p/lib/libboost_log_setup.a /root/.conan2/p/b/boost9f9a41ec90854/p/lib/libboost_unit_test_framework.a /root/.conan2/p/b/boost9f9a41ec90854/p/lib/libboost_type_erasure.a /root/.conan2/p/b/boost9f9a41ec90854/p/lib/libboost_log.a /root/.conan2/p/b/boost9f9a41ec90854/p/lib/libboost_locale.a /root/.conan2/p/b/boost9f9a41ec90854/p/lib/libboost_fiber_numa.a /root/.conan2/p/b/boost9f9a41ec90854/p/lib/libboost_contract.a /root/.conan2/p/b/boost9f9a41ec90854/p/lib/libboost_wave.a /root/.conan2/p/b/boost9f9a41ec90854/p/lib/libboost_timer.a /root/.conan2/p/b/boost9f9a41ec90854/p/lib/libboost_thread.a /root/.conan2/p/b/boost9f9a41ec90854/p/lib/libboost_test_exec_monitor.a /root/.conan2/p/b/boost9f9a41ec90854/p/lib/libboost_prg_exec_monitor.a /root/.conan2/p/b/boost9f9a41ec90854/p/lib/libboost_nowide.a /root/.conan2/p/b/boost9f9a41ec90854/p/lib/libboost_iostreams.a /root/.conan2/p/b/zlib28ee841f6d37c/p/lib/libz.a /root/.conan2/p/b/bzip2c71e40ee6b7ad/p/lib/libbz2.a /root/.conan2/p/b/boost9f9a41ec90854/p/lib/libboost_graph.a /root/.conan2/p/b/boost9f9a41ec90854/p/lib/libboost_fiber.a /root/.conan2/p/b/boost9f9a41ec90854/p/lib/libboost_wserialization.a /root/.conan2/p/b/boost9f9a41ec90854/p/lib/libboost_stacktrace_noop.a /root/.conan2/p/b/boost9f9a41ec90854/p/lib/libboost_stacktrace_basic.a /root/.conan2/p/b/boost9f9a41ec90854/p/lib/libboost_stacktrace_backtrace.a /root/.conan2/p/b/libbac49fb198f91c8/p/lib/libbacktrace.a /root/.conan2/p/b/boost9f9a41ec90854/p/lib/libboost_stacktrace_addr2line.a /root/.conan2/p/b/boost9f9a41ec90854/p/lib/libboost_random.a /root/.conan2/p/b/boost9f9a41ec90854/p/lib/libboost_math_tr1l.a /root/.conan2/p/b/boost9f9a41ec90854/p/lib/libboost_math_tr1f.a /root/.conan2/p/b/boost9f9a41ec90854/p/lib/libboost_math_tr1.a /root/.conan2/p/b/boost9f9a41ec90854/p/lib/libboost_math_c99l.a /root/.conan2/p/b/boost9f9a41ec90854/p/lib/libboost_math_c99f.a /root/.conan2/p/b/boost9f9a41ec90854/p/lib/libboost_math_c99.a /root/.conan2/p/b/boost9f9a41ec90854/p/lib/libboost_json.a /root/.conan2/p/b/boost9f9a41ec90854/p/lib/libboost_filesystem.a /root/.conan2/p/b/boost9f9a41ec90854/p/lib/libboost_coroutine.a /root/.conan2/p/b/boost9f9a41ec90854/p/lib/libboost_chrono.a /root/.conan2/p/b/boost9f9a41ec90854/p/lib/libboost_serialization.a /root/.conan2/p/b/boost9f9a41ec90854/p/lib/libboost_regex.a /root/.conan2/p/b/boost9f9a41ec90854/p/lib/libboost_program_options.a /root/.conan2/p/b/boost9f9a41ec90854/p/lib/libboost_exception.a /root/.conan2/p/b/boost9f9a41ec90854/p/lib/libboost_date_time.a /root/.conan2/p/b/boost9f9a41ec90854/p/lib/libboost_context.a /root/.conan2/p/b/boost9f9a41ec90854/p/lib/libboost_container.a /root/.conan2/p/b/boost9f9a41ec90854/p/lib/libboost_atomic.a /root/.conan2/p/b/libcu8e2632cadb344/p/lib/libcurl.a _deps/ouster_sdk-build/ouster_perception/libouster_perception_stub.a _deps/ouster_sdk-build/ouster_algorithm/libouster_algorithm.a -lgcc_s /usr/lib/aarch64-linux-gnu/libtbb.so.12.5 /usr/lib/libceres.so.2.0.0 /usr/lib/aarch64-linux-gnu/libglog.so.0.4.0 /usr/lib/aarch64-linux-gnu/libgflags.so.2.2.2 -lpthread _deps/ouster_sdk-build/ouster_osf/libouster_osf.a _deps/ouster_sdk-build/ouster_core/libouster_core.a _deps/ouster_sdk-build/libouster_build.a _deps/ouster_sdk-build/ouster_core/nmea/libnmea.a /root/.conan2/p/b/libzi3052c09dafac4/p/lib/libzip.a /root/.conan2/p/b/zstdb19e0056cafb7/p/lib/libzstd.a /root/.conan2/p/b/bzip2c71e40ee6b7ad/p/lib/libbz2.a /root/.conan2/p/b/xz_ut5b23d1316f048/p/lib/liblzma.a /usr/lib/aarch64-linux-gnu/libflatbuffers.a /usr/lib/aarch64-linux-gnu/libpng.so _deps/ouster_sdk-build/thirdparty/zpng/libzpng.a -lzstd /root/.conan2/p/b/libcu8e2632cadb344/p/lib/libcurl.a /root/.conan2/p/b/opens1c126cc43218d/p/lib/libssl.a /root/.conan2/p/b/opens1c126cc43218d/p/lib/libcrypto.a -ldl /root/.conan2/p/b/zlib28ee841f6d37c/p/lib/libz.a -lpthread -lrt /usr/lib/gcc/aarch64-linux-gnu/11/libgomp.so /usr/lib/aarch64-linux-gnu/libdl.a /usr/lib/aarch64-linux-gnu/libpthread.a 
/usr/bin/ld: cannot find -lgcc_s: No such file or directory
/usr/bin/ld: attempted static link of dynamic object `/usr/lib/aarch64-linux-gnu/libtbb.so.12.5'
collect2: error: ld returned 1 exit status
gmake[2]: *** [CMakeFiles/drivebrain.dir/build.make:684: drivebrain] Error 1
gmake[2]: Leaving directory '/app/build-native'
gmake[1]: *** [CMakeFiles/Makefile2:456: CMakeFiles/drivebrain.dir/all] Error 2
gmake[1]: Leaving directory '/app/build-native'
gmake: *** [Makefile:166: all] Error 2
